<?xml version="1.0" encoding="UTF-8" ?>
<testsuites name="vitest tests" tests="36" failures="0" errors="0" time="0.015581039">
    <testsuite name="tests/search.test.ts" timestamp="2025-02-13T23:51:16.686Z" hostname="Jonattan.local" tests="17" failures="0" errors="0" skipped="0" time="0.003833666">
        <testcase classname="tests/search.test.ts" name="Search &gt; the document is empty" time="0.000766667">
        </testcase>
        <testcase classname="tests/search.test.ts" name="Search &gt; the document is not empty" time="0.000131958">
        </testcase>
        <testcase classname="tests/search.test.ts" name="Search &gt; search document (stop word)" time="0.00041925">
        </testcase>
        <testcase classname="tests/search.test.ts" name="Search &gt; search document (unordered)" time="0.000340583">
        </testcase>
        <testcase classname="tests/search.test.ts" name="Search &gt; search document (accent)" time="0.000234666">
        </testcase>
        <testcase classname="tests/search.test.ts" name="Search &gt; search document (case sensitive)" time="0.0001025">
        </testcase>
        <testcase classname="tests/search.test.ts" name="Search &gt; search document (case insensitive)" time="0.000119291">
        </testcase>
        <testcase classname="tests/search.test.ts" name="Search &gt; search document (search word strategy)" time="0.000089584">
        </testcase>
        <testcase classname="tests/search.test.ts" name="Search &gt; search document (exact word strategy)" time="0.000196">
        </testcase>
        <testcase classname="tests/search.test.ts" name="Search &gt; search document (index is string)" time="0.000070291">
        </testcase>
        <testcase classname="tests/search.test.ts" name="Search &gt; search document (index is array)" time="0.000067834">
        </testcase>
        <testcase classname="tests/search.test.ts" name="Search &gt; search document (index is object)" time="0.000085875">
        </testcase>
        <testcase classname="tests/search.test.ts" name="Search &gt; demo 1" time="0.000078167">
        </testcase>
        <testcase classname="tests/search.test.ts" name="Search &gt; demo 2" time="0.000123208">
        </testcase>
        <testcase classname="tests/search.test.ts" name="Search &gt; demo 3" time="0.000137084">
        </testcase>
        <testcase classname="tests/search.test.ts" name="Search &gt; demo 4" time="0.00006325">
        </testcase>
        <testcase classname="tests/search.test.ts" name="Search &gt; remove document" time="0.000149583">
        </testcase>
    </testsuite>
    <testsuite name="tests/document/bm25-document.test.ts" timestamp="2025-02-13T23:51:16.688Z" hostname="Jonattan.local" tests="4" failures="0" errors="0" skipped="0" time="0.001921041">
        <testcase classname="tests/document/bm25-document.test.ts" name="Relevance  &gt; document is empty" time="0.000670375">
        </testcase>
        <testcase classname="tests/document/bm25-document.test.ts" name="Relevance  &gt; insert" time="0.00029275">
        </testcase>
        <testcase classname="tests/document/bm25-document.test.ts" name="Relevance  &gt; get document" time="0.000198792">
        </testcase>
        <testcase classname="tests/document/bm25-document.test.ts" name="Relevance  &gt; remove" time="0.000241542">
        </testcase>
    </testsuite>
    <testsuite name="tests/document/unordered-document.test.ts" timestamp="2025-02-13T23:51:16.688Z" hostname="Jonattan.local" tests="4" failures="0" errors="0" skipped="0" time="0.001807667">
        <testcase classname="tests/document/unordered-document.test.ts" name="Unordered &gt; document is empty" time="0.000655167">
        </testcase>
        <testcase classname="tests/document/unordered-document.test.ts" name="Unordered &gt; create document" time="0.000164125">
        </testcase>
        <testcase classname="tests/document/unordered-document.test.ts" name="Unordered &gt; get document" time="0.000187917">
        </testcase>
        <testcase classname="tests/document/unordered-document.test.ts" name="Unordered &gt; remove" time="0.000280708">
        </testcase>
    </testsuite>
    <testsuite name="tests/strategy/exact-strategy.test.tsx" timestamp="2025-02-13T23:51:16.688Z" hostname="Jonattan.local" tests="1" failures="0" errors="0" skipped="0" time="0.001148">
        <testcase classname="tests/strategy/exact-strategy.test.tsx" name="Exact strategy &gt; apply" time="0.000689875">
        </testcase>
    </testsuite>
    <testsuite name="tests/strategy/prefix-strategy.test.tsx" timestamp="2025-02-13T23:51:16.688Z" hostname="Jonattan.local" tests="1" failures="0" errors="0" skipped="0" time="0.001206">
        <testcase classname="tests/strategy/prefix-strategy.test.tsx" name="Prefix strategy &gt; apply" time="0.000775417">
        </testcase>
    </testsuite>
    <testsuite name="tests/tokenizer/case-insensitive-tokenizer.test.ts" timestamp="2025-02-13T23:51:16.689Z" hostname="Jonattan.local" tests="1" failures="0" errors="0" skipped="0" time="0.001257458">
        <testcase classname="tests/tokenizer/case-insensitive-tokenizer.test.ts" name="Case sesitive tokenizer &gt; tokenize" time="0.000775209">
        </testcase>
    </testsuite>
    <testsuite name="tests/tokenizer/ignore-accent-tokenizer.test.ts" timestamp="2025-02-13T23:51:16.689Z" hostname="Jonattan.local" tests="1" failures="0" errors="0" skipped="0" time="0.001358625">
        <testcase classname="tests/tokenizer/ignore-accent-tokenizer.test.ts" name="Ignore accent &gt; tokenize" time="0.000886667">
        </testcase>
    </testsuite>
    <testsuite name="tests/tokenizer/simple-tokenizer.test.ts" timestamp="2025-02-13T23:51:16.689Z" hostname="Jonattan.local" tests="6" failures="0" errors="0" skipped="0" time="0.001801041">
        <testcase classname="tests/tokenizer/simple-tokenizer.test.ts" name="Simple tokenizer &gt; single" time="0.000728833">
        </testcase>
        <testcase classname="tests/tokenizer/simple-tokenizer.test.ts" name="Simple tokenizer &gt; multiple" time="0.000164042">
        </testcase>
        <testcase classname="tests/tokenizer/simple-tokenizer.test.ts" name="Simple tokenizer &gt; hyphens" time="0.000068042">
        </testcase>
        <testcase classname="tests/tokenizer/simple-tokenizer.test.ts" name="Simple tokenizer &gt; trim" time="0.000096417">
        </testcase>
        <testcase classname="tests/tokenizer/simple-tokenizer.test.ts" name="Simple tokenizer &gt; punctuation" time="0.000087875">
        </testcase>
        <testcase classname="tests/tokenizer/simple-tokenizer.test.ts" name="Simple tokenizer &gt; accent" time="0.00010575">
        </testcase>
    </testsuite>
    <testsuite name="tests/tokenizer/stop-words-tokenizer.test.ts" timestamp="2025-02-13T23:51:16.689Z" hostname="Jonattan.local" tests="1" failures="0" errors="0" skipped="0" time="0.001247541">
        <testcase classname="tests/tokenizer/stop-words-tokenizer.test.ts" name="Stop words &gt; tokenize" time="0.000768584">
        </testcase>
    </testsuite>
</testsuites>
